tree b371fb3432bbb5db4720ff0fc8a5dae3e7a411f3, last drawn by b371fb3432bbb5db4720ff0fc8a5dae3e7a411f3
dist built 2026-08-21T16:28:58.912Z
frame.png  2048x1113 of a 2560x1392 swapchain
camera 0   eye (-6.535, 18.583, 36.727)  looking (-0.568, -0.187, -0.802)  fov 55.00 vertical  near 0.1  x78
sun        14:21 from (-0.5774, 0.5774, 0.5774) in camera space  x116
sun        21:38 from (-0.5774, -0.5774, -0.5774) in camera space  x116
sun        18:05 from (-0.9997, -0.0161, -0.0161) in world space  x59
sun        06:58 from (0.9672, 0.1796, 0.1796) in camera space  x48
preset.te3 bg/ex5/02_ykt_y6/twn/y6t1/level/y6t1.lvb at 14:10 weather 1
   12s  drawn 5078 of 11826, models 230 of 926, exposure 3.000
   27s  drawn 5216 of 11826, models 237 of 926, exposure 3.000
   43s  drawn 5330 of 11837, models 245 of 926, exposure 3.000
   61s  drawn 5342 of 11837, models 247 of 926, exposure 3.000
   78s  drawn 6005 of 11837, models 255 of 926, exposure 3.000
   96s  drawn 6082 of 11838, models 263 of 926, exposure 3.000
   115s  drawn 6098 of 11838, models 266 of 926, exposure 3.000
   131s  drawn 6147 of 11846, models 277 of 926, exposure 3.000
   148s  drawn 6249 of 11850, models 282 of 926, exposure 3.000
   164s  drawn 6381 of 11850, models 283 of 926, exposure 3.000
   181s  drawn 6740 of 11850, models 289 of 926, exposure 3.000
   199s  drawn 6914 of 11850, models 298 of 926, exposure 3.000
   216s  drawn 7012 of 11850, models 300 of 926, exposure 3.000
   233s  drawn 7186 of 11852, models 306 of 926, exposure 3.000
   244s  drawn 7261 of 11852, models 310 of 926, exposure 2.376
   254s  drawn 7467 of 11853, models 316 of 926, exposure 3.000
   275s  drawn 7485 of 11855, models 320 of 926, exposure 3.000
   294s  drawn 7554 of 11855, models 330 of 926, exposure 3.000
   305s  drawn 7615 of 11855, models 334 of 926, exposure 2.216
   328s  drawn 7809 of 11856, models 344 of 926, exposure 2.367
   351s  drawn 7953 of 11856, models 350 of 926, exposure 2.367
   370s  drawn 8098 of 11861, models 356 of 926, exposure 2.368
   396s  drawn 8139 of 11861, models 366 of 926, exposure 2.494
   411s  drawn 8208 of 11866, models 368 of 926, exposure 3.000
   437s  drawn 8265 of 11868, models 376 of 926, exposure 3.000
   462s  drawn 8303 of 11868, models 382 of 926, exposure 2.542
   472s  drawn 8338 of 11868, models 389 of 926, exposure 3.000
   485s  drawn 8342 of 11868, models 391 of 926, exposure 2.539
   498s  drawn 8387 of 11868, models 396 of 926, exposure 3.000
   510s  drawn 8401 of 11872, models 400 of 926, exposure 2.542
   525s  drawn 8422 of 11872, models 405 of 926, exposure 3.000
   538s  drawn 8459 of 11872, models 409 of 926, exposure 2.544
   556s  drawn 8523 of 11872, models 415 of 926, exposure 3.000
   567s  drawn 8552 of 11877, models 419 of 926, exposure 2.546
   578s  drawn 8613 of 11877, models 422 of 926, exposure 3.000
   589s  drawn 8667 of 11877, models 428 of 926, exposure 2.652
   601s  drawn 8694 of 11877, models 431 of 926, exposure 3.000
   622s  drawn 8792 of 11877, models 442 of 926, exposure 3.000
   633s  drawn 8833 of 11879, models 446 of 926, exposure 2.662
   645s  drawn 8858 of 11879, models 450 of 926, exposure 3.000
   667s  drawn 8933 of 11881, models 456 of 926, exposure 3.000
   683s  drawn 8987 of 11881, models 462 of 926, exposure 2.732
   717s  drawn 8994 of 11881, models 466 of 926, exposure 2.730
   750s  drawn 9037 of 11882, models 474 of 926, exposure 2.733
   771s  drawn 9040 of 11882, models 474 of 926, exposure 3.000
   795s  drawn 9051 of 11882, models 476 of 926, exposure 2.825
   814s  drawn 9086 of 11894, models 482 of 926, exposure 3.000
   830s  drawn 9089 of 11894, models 484 of 926, exposure 2.825
   849s  drawn 9111 of 11894, models 490 of 926, exposure 3.000
   868s  drawn 9151 of 11896, models 496 of 926, exposure 2.829
   887s  drawn 9174 of 11896, models 498 of 926, exposure 3.000
   939s  drawn 9246 of 11896, models 506 of 926, exposure 3.000
   960s  drawn 9249 of 11896, models 507 of 926, exposure 2.832
   979s  drawn 9297 of 11897, models 510 of 926, exposure 3.000
   1002s  drawn 9397 of 11897, models 520 of 926, exposure 2.831
   1025s  drawn 9418 of 11898, models 523 of 926, exposure 3.000
   1043s  drawn 9429 of 11898, models 525 of 926, exposure 2.831
   1063s  drawn 9457 of 11898, models 528 of 926, exposure 3.000
   1080s  drawn 9460 of 11898, models 531 of 926, exposure 2.830
   1108s  drawn 9474 of 11898, models 538 of 926, exposure 3.000
   1130s  drawn 9527 of 11898, models 545 of 926, exposure 2.826
   1149s  drawn 9573 of 11898, models 548 of 926, exposure 3.000
   1171s  drawn 9577 of 11898, models 550 of 926, exposure 2.815
   1193s  drawn 9592 of 11904, models 554 of 926, exposure 3.000
   1214s  drawn 9612 of 11904, models 559 of 926, exposure 2.856
   1249s  drawn 9628 of 11904, models 563 of 926, exposure 3.000
   1284s  drawn 9643 of 11904, models 570 of 926, exposure 2.857
   1312s  drawn 9646 of 11904, models 572 of 926, exposure 3.000
   1339s  drawn 9656 of 11905, models 576 of 926, exposure 2.855
   1363s  drawn 9722 of 11905, models 581 of 926, exposure 3.000
   1388s  drawn 9792 of 11906, models 585 of 926, exposure 2.854
   1414s  drawn 9880 of 11906, models 589 of 926, exposure 3.000
   1438s  drawn 9897 of 11909, models 593 of 926, exposure 2.864
   1469s  drawn 9963 of 11909, models 596 of 926, exposure 3.000
   1496s  drawn 10010 of 11909, models 602 of 926, exposure 2.855
   1524s  drawn 10118 of 11909, models 608 of 926, exposure 3.000
   1559s  drawn 10160 of 11909, models 612 of 926, exposure 2.860
   1586s  drawn 10185 of 11915, models 618 of 926, exposure 3.000
   1615s  drawn 10208 of 11916, models 622 of 926, exposure 2.863
   1670s  drawn 10256 of 11916, models 632 of 926, exposure 2.867
   1702s  drawn 10270 of 11916, models 634 of 926, exposure 3.000
   1732s  drawn 10290 of 11930, models 635 of 926, exposure 2.867
   1755s  drawn 10361 of 11930, models 646 of 926, exposure 3.000
   1785s  drawn 10378 of 11930, models 648 of 926, exposure 2.869
   1817s  drawn 10386 of 11930, models 652 of 926, exposure 3.000
   1847s  drawn 10413 of 11932, models 657 of 926, exposure 2.867
   1879s  drawn 10421 of 11939, models 658 of 926, exposure 3.000
   1900s  drawn 10436 of 11939, models 664 of 926, exposure 2.868
   1926s  drawn 10453 of 11939, models 669 of 926, exposure 3.000
   1950s  drawn 10464 of 11942, models 673 of 926, exposure 2.863
   1976s  drawn 10467 of 11942, models 674 of 926, exposure 3.000
   2009s  drawn 10488 of 11942, models 681 of 926, exposure 2.862
   2035s  drawn 10523 of 11942, models 686 of 926, exposure 3.000
   2063s  drawn 10539 of 11942, models 689 of 926, exposure 2.864
   2101s  drawn 10577 of 11952, models 697 of 926, exposure 3.000
   the build was made from a dirty tree, so b371fb3432bbb5db4720ff0fc8a5dae3e7a411f3 does not name it
Game    tuli  thumbnail 2048x1113 of a 2560x1392 swapchain
        eye (-6.535, 18.583, 36.727)  looking (-0.568, -0.187, -0.802)  fov 55.00 vertical  near 0.1  78 copies, 1 camera(s) stated
Viewer  b371fb3432bbb5db4720ff0fc8a5dae3e7a411f3 (dirty) built 2026-08-21 09:27:55 -07:00  bg/ex5/02_ykt_y6/twn/y6t1/level/y6t1.lvb  preset tuli
        eye (-6.535, 18.583, 36.727)  looking (-0.568, -0.187, -0.802)  fov 55.00 vertical  viewport 1834x1044 at (224, 132)
        14:10 weather 1  exposure 2.868 from a frame measuring 0.077
        drawn 10592 of 11952 placed, models 697 of 926, materials 257 of 308, passes shadow, sky, sun, band, fog, reflection, vignette

Alignment  the viewer's own frame is 1834x1044, resampled onto the game's 2048x1113
           the viewer's frame covers 95.3% of the game's, 84.9 deg wide against 87.5
           step 0.000 units  turn 0.000 deg  roll -0.000 deg  fov +0.000 deg  parallax 0.000 deg at a hundred units, the turn worth 0.0 px here
           0 of the region's pixels lay past the viewer's own frame
           camera, lens and frame shape are read out of the capture; the clock and the weather are stated

Region  (150,170)-(1450,1040), 1131000 pixels measured
        the zone is 89% placed and 697 of 926 modelled, so what is missing reads as sky and the exposure follows it
  game    lum  81.24  sat 0.4151  rgb ( 85.7,  82.4,  56.2)  med  63.49  p99 228.34  clip  1.38%  white  0.04%  black  0.00%
  viewer  lum 105.43  sat 0.3688  rgb (104.5, 108.2,  80.8)  med  88.11  p99 254.35  clip  8.33%  white  0.88%  black  0.23%
  its own lum 109.79  sat 0.3668  rgb (113.5, 111.4,  83.1)  med  87.53  p99 254.71  clip 13.55%  white  0.94%  black  0.39%   over its whole viewport
  apart   gain 0.771  saturation -0.0462  per channel (0.821, 0.762, 0.695)

Gain, game over viewer, 6 across
    0.58   0.63   0.87   0.71   0.68   0.58
    0.55   0.61   0.69   0.65   0.62   0.57
    0.67   0.70   0.90   0.93   0.95   0.76
    2.21   1.24   1.10   0.74   0.58   0.82

Saturation, viewer less game
  +0.031 +0.008 -0.038 -0.045 -0.111 -0.017
  +0.036 +0.002 +0.010 -0.085 -0.041 -0.117
  +0.007 +0.034 -0.010 -0.071 -0.077 -0.069
  -0.098 -0.034 -0.099 -0.077 -0.124 -0.125

Rows, top to bottom
  y  170- 278  gain  0.63  sat -0.009  lum  50.61 against  80.09  clip  0.06% against  0.73%  black  0.00% against  0.01%
  y  278- 387  gain  0.72  sat -0.048  lum  53.57 against  74.72  clip  0.04% against  0.78%  black  0.00% against  0.31%
  y  387- 496  gain  0.61  sat -0.044  lum  56.20 against  92.37  clip  0.39% against  4.78%  black  0.00% against  0.00%
  y  496- 605  gain  0.62  sat -0.021  lum  66.78 against 107.79  clip  2.27% against 12.45%  black  0.00% against  0.00%
  y  605- 713  gain  0.75  sat -0.047  lum  84.01 against 112.35  clip  4.22% against  9.00%  black  0.00% against  0.34%
  y  713- 822  gain  0.92  sat -0.015  lum 101.14 against 109.35  clip  2.32% against  5.79%  black  0.00% against  0.27%
  y  822- 931  gain  0.85  sat -0.072  lum 113.41 against 133.44  clip  0.90% against 21.73%  black  0.00% against  0.61%
  y  931-1040  gain  0.93  sat -0.114  lum 123.97 against 133.13  clip  0.89% against 11.32%  black  0.00% against  0.27%

Worst cells
  ( 150, 822)-( 366,1040)  gain  2.21  sat -0.098 (game 0.566, here 0.469)  lum game  94.13 here  42.51
  ( 150, 387)-( 366, 605)  gain  0.55  sat +0.036 (game 0.368, here 0.404)  lum game  37.33 here  68.13
  (1233, 387)-(1450, 605)  gain  0.57  sat -0.117 (game 0.359, here 0.242)  lum game  66.61 here 117.54
  (1233, 170)-(1450, 387)  gain  0.58  sat -0.017 (game 0.356, here 0.339)  lum game  48.81 here  84.17
  ( 150, 170)-( 366, 387)  gain  0.58  sat +0.031 (game 0.375, here 0.406)  lum game  42.57 here  73.31
  (1016, 822)-(1233,1040)  gain  0.58  sat -0.124 (game 0.379, here 0.255)  lum game 124.48 here 214.32

written to /home/asriel/Code/EXDViewer-threads/smoke/ao-long

